it/units/malelab/jgea/distance/Distance.class
it/units/malelab/jgea/problem/classification/BinaryRegexClassification.class
it/units/malelab/jgea/problem/symbolicregression/MathUtils.class
it/units/malelab/jgea/SurrogatePrecisionControl$PerSolutionLinearController.class
it/units/malelab/jgea/grammarbased/GrammarBasedProblem.class
it/units/malelab/jgea/grammarbased/cfggp/RampedHalfAndHalf.class
it/units/malelab/jgea/core/Individual.class
it/units/malelab/jgea/problem/mapper/FitnessFunction.class
it/units/malelab/jgea/core/evolver/MutationOnly.class
it/units/malelab/jgea/core/listener/event/Capturer.class
it/units/malelab/jgea/problem/symbolicregression/element/Operator.class
it/units/malelab/jgea/core/function/NonDeterministicFunction.class
it/units/malelab/jgea/SurrogatePrecisionControl$MinOfPrecisions.class
it/units/malelab/jgea/core/listener/collector/IndividualBasicInfo.class
it/units/malelab/jgea/grammarbased/GrammarBasedMapper.class
it/units/malelab/jgea/problem/classification/RegexClassification$Label.class
it/units/malelab/jgea/core/listener/collector/Static.class
it/units/malelab/jgea/problem/booleanfunction/EvenParity$TargetFunction.class
it/units/malelab/jgea/distance/BitStringHamming.class
it/units/malelab/jgea/core/genotype/BitStringFactory.class
it/units/malelab/jgea/core/evolver/stopcondition/FitnessEvaluations.class
it/units/malelab/jgea/core/operator/GeneticOperator$1.class
it/units/malelab/jgea/core/fitness/SymbolicRegressionFitness$Aggregator.class
it/units/malelab/jgea/RobotContactsDE.class
it/units/malelab/jgea/core/listener/collector/FunctionOfEvent.class
it/units/malelab/jgea/problem/classification/GrammarBasedRegexClassification.class
it/units/malelab/jgea/problem/mapper/element/Variable.class
it/units/malelab/jgea/problem/symbolicregression/element/Decoration.class
it/units/malelab/jgea/problem/synthetic/Text.class
it/units/malelab/jgea/problem/mapper/MapperUtils.class
it/units/malelab/jgea/core/fitness/SymbolicRegressionFitness$Error.class
it/units/malelab/jgea/grammarbased/RegexGrammar$Option.class
it/units/malelab/jgea/core/fitness/BooleanFunctionFitness$ErrorRate.class
it/units/malelab/jgea/core/evolver/biased/Percentile.class
it/units/malelab/jgea/core/fitness/Linearization.class
it/units/malelab/jgea/SurrogatePrecisionControl$StaticController.class
it/units/malelab/jgea/core/listener/collector/Population.class
it/units/malelab/jgea/core/listener/collector/BestInfo.class
it/units/malelab/jgea/problem/booleanfunction/element/Variable.class
it/units/malelab/jgea/problem/application/RobotPowerSupplyGeometry$1.class
it/units/malelab/jgea/core/function/CachedBoundedFunction.class
it/units/malelab/jgea/core/operator/SegmentCrossover.class
it/units/malelab/jgea/core/operator/UniformCrossover.class
it/units/malelab/jgea/core/operator/LenghtPreservingTwoPointCrossover.class
it/units/malelab/jgea/problem/booleanfunction/element/Operator.class
it/units/malelab/jgea/core/genotype/FixedLengthSequence.class
it/units/malelab/jgea/core/listener/collector/BestPrinter.class
it/units/malelab/jgea/core/function/CachedBiFunction.class
it/units/malelab/jgea/core/evolver/StandardEvolver.class
it/units/malelab/jgea/core/listener/collector/DataCollector.class
it/units/malelab/jgea/problem/classification/DataUtils.class
it/units/malelab/jgea/core/listener/collector/IntrinsicDimension.class
it/units/malelab/jgea/problem/extraction/ExtractionFitness$Aggregator.class
it/units/malelab/jgea/core/listener/collector/FunctionOfBest.class
it/units/malelab/jgea/problem/extraction/ExtractionSetDistance.class
it/units/malelab/jgea/core/evolver/biased/BiasedGenerator$FlaggedContent.class
it/units/malelab/jgea/core/listener/event/TimedEvent.class
it/units/malelab/jgea/problem/booleanfunction/element/Element.class
it/units/malelab/jgea/core/listener/collector/ObjectiveMostCentral.class
it/units/malelab/jgea/core/listener/collector/Diversity.class
it/units/malelab/jgea/problem/TheoreticalDegeneracy.class
it/units/malelab/jgea/core/ranker/ComparableRanker.class
it/units/malelab/jgea/core/listener/collector/DoubleArrayPrinter.class
it/units/malelab/jgea/problem/extraction/BinaryRegexExtraction.class
it/units/malelab/jgea/problem/mapper/EnhancedProblem.class
it/units/malelab/jgea/problem/synthetic/KLandscapes.class
it/units/malelab/jgea/core/listener/collector/Item.class
it/units/malelab/jgea/problem/symbolicregression/Nguyen7.class
it/units/malelab/jgea/problem/extraction/AbstractExtractionProblem.class
it/units/malelab/jgea/core/evolver/FitnessSharingDivideAndConquerEvolver$EnhancedIndividual.class
it/units/malelab/jgea/core/util/Pair.class
it/units/malelab/jgea/grammarbased/cfggp/StandardTreeCrossover.class
it/units/malelab/jgea/core/function/CachedReducer.class
it/units/malelab/jgea/SurrogatePrecisionControl.class
it/units/malelab/jgea/problem/mapper/RecursiveMapper.class
it/units/malelab/jgea/core/function/FunctionException.class
it/units/malelab/jgea/problem/booleanfunction/MultipleOutputParallelMultiplier$TargetFunction.class
it/units/malelab/jgea/distance/Edit.class
it/units/malelab/jgea/problem/synthetic/OneMax$FitnessFunction.class
it/units/malelab/jgea/problem/extraction/ExtractionFitness$Metric.class
it/units/malelab/jgea/core/operator/GaussianMutation.class
it/units/malelab/jgea/SurrogatePrecisionControl$ReducerController$AggregateType.class
it/units/malelab/jgea/problem/extraction/GrammarBasedRegexExtraction.class
it/units/malelab/jgea/core/operator/Mutation.class
it/units/malelab/jgea/grammarbased/RegexGrammar.class
it/units/malelab/jgea/core/ProblemWithValidation.class
it/units/malelab/jgea/core/evolver/biased/Uniform.class
it/units/malelab/jgea/core/fitness/ClassificationFitness$ClassErrorRate.class
it/units/malelab/jgea/core/ranker/LexicoGraphicalMOComparator.class
it/units/malelab/jgea/core/evolver/stopcondition/Births.class
it/units/malelab/jgea/core/util/Triplet.class
it/units/malelab/jgea/IntrinsicDimensionAssessment.class
it/units/malelab/jgea/core/evolver/biased/BiasedGenerator$FlaggedNode.class
it/units/malelab/jgea/SurrogatePrecisionControl$HistoricAvgDistanceRatio.class
it/units/malelab/jgea/problem/symbolicregression/AbstractSymbolicRegressionProblem.class
it/units/malelab/jgea/grammarbased/cfggp/GrowTreeFactory.class
it/units/malelab/jgea/core/IndependentFactory.class
it/units/malelab/jgea/core/listener/collector/FirstOfNthObjective.class
it/units/malelab/jgea/core/listener/PrintStreamListener.class
it/units/malelab/jgea/grammarbased/cfggp/FullTreeFactory.class
it/units/malelab/jgea/problem/surrogate/TunablePrecisionProblem.class
it/units/malelab/jgea/core/fitness/ClassificationFitness.class
it/units/malelab/jgea/problem/synthetic/TreeSize.class
it/units/malelab/jgea/problem/symbolicregression/Vladislavleva4.class
it/units/malelab/jgea/Example.class
it/units/malelab/jgea/core/ranker/FitnessComparator.class
it/units/malelab/jgea/core/evolver/stopcondition/PerfectFitness.class
it/units/malelab/jgea/problem/synthetic/Text$FitnessFunction.class
it/units/malelab/jgea/problem/synthetic/LinearPoints.class
it/units/malelab/jgea/core/Sequence.class
it/units/malelab/jgea/distance/StringSequence.class
it/units/malelab/jgea/core/util/WithNames.class
it/units/malelab/jgea/core/evolver/StandardWithEnforcedDiversity.class
it/units/malelab/jgea/SurrogatePrecisionControl$LinearController.class
it/units/malelab/jgea/problem/mapper/element/Function.class
it/units/malelab/jgea/core/evolver/stopcondition/ElapsedTime.class
it/units/malelab/jgea/problem/synthetic/OneMax.class
it/units/malelab/jgea/core/evolver/Evolver.class
it/units/malelab/jgea/core/listener/collector/Basic.class
it/units/malelab/jgea/problem/booleanfunction/EvenParity.class
it/units/malelab/jgea/problem/symbolicregression/Keijzer6.class
it/units/malelab/jgea/core/listener/collector/LowestNormalizedSum.class
it/units/malelab/jgea/core/function/NonDeterministicBiFunction.class
it/units/malelab/jgea/core/evolver/stopcondition/RelativeElapsedTime.class
it/units/malelab/jgea/SurrogatePrecisionControl$CrowdingController.class
it/units/malelab/jgea/core/operator/BitFlipMutation.class
it/units/malelab/jgea/problem/mapper/element/Element.class
it/units/malelab/jgea/problem/booleanfunction/element/Constant.class
it/units/malelab/jgea/core/Sequence$1.class
it/units/malelab/jgea/core/Node.class
it/units/malelab/jgea/problem/booleanfunction/element/Decoration.class
it/units/malelab/jgea/core/evolver/DeterministicCrowdingEvolver.class
it/units/malelab/jgea/problem/classification/RegexClassification.class
it/units/malelab/jgea/grammarbased/ge/StandardGEMapper.class
it/units/malelab/jgea/core/util/Args.class
it/units/malelab/jgea/core/fitness/BooleanFunctionFitness$Error.class
it/units/malelab/jgea/core/ConstrainedSequence.class
it/units/malelab/jgea/grammarbased/GrammarUtil.class
it/units/malelab/jgea/core/listener/collector/FirstRankIndividualInfo.class
it/units/malelab/jgea/core/fitness/SymbolicRegressionFitness.class
it/units/malelab/jgea/grammarbased/ge/HierarchicalMapper$EnhancedSymbol.class
it/units/malelab/jgea/problem/symbolicregression/element/Element.class
it/units/malelab/jgea/core/Factory.class
it/units/malelab/jgea/problem/application/RobotPowerSupplyGeometry.class
it/units/malelab/jgea/problem/mapper/FitnessFunction$Property.class
it/units/malelab/jgea/problem/surrogate/ControlledPrecisionProblem.class
it/units/malelab/jgea/distance/TreeLeaves.class
it/units/malelab/jgea/core/listener/Listener.class
it/units/malelab/jgea/distance/CachedDistance.class
it/units/malelab/jgea/problem/application/RobotPowerSupplyGeometry$Objective.class
it/units/malelab/jgea/core/ranker/ParetoRanker.class
it/units/malelab/jgea/core/PrecisionController.class
it/units/malelab/jgea/distance/Pairwise.class
it/units/malelab/jgea/core/ranker/selector/Worst.class
it/units/malelab/jgea/problem/booleanfunction/BooleanUtils.class
it/units/malelab/jgea/core/operator/GeneticOperator.class
it/units/malelab/jgea/core/listener/event/Event.class
it/units/malelab/jgea/core/Problem.class
it/units/malelab/jgea/core/listener/collector/IndividualDataCollector.class
it/units/malelab/jgea/grammarbased/cfggp/StandardTreeMutation.class
it/units/malelab/jgea/problem/symbolicregression/MathUtils$1.class
it/units/malelab/jgea/core/listener/MultiFileListenerFactory$1.class
it/units/malelab/jgea/core/operator/Crossover.class
it/units/malelab/jgea/grammarbased/ge/WeightedHierarchicalMapper.class
it/units/malelab/jgea/core/fitness/SymbolicRegressionFitness$TargetFunction.class
it/units/malelab/jgea/core/evolver/DifferentialEvolution.class
it/units/malelab/jgea/problem/synthetic/OneMax$1.class
it/units/malelab/jgea/problem/extraction/ExtractionFitness.class
it/units/malelab/jgea/core/util/Misc.class
it/units/malelab/jgea/core/fitness/BooleanFunctionFitness$TargetFunction.class
it/units/malelab/jgea/problem/synthetic/LinearPoints$1.class
it/units/malelab/jgea/core/listener/MultiFileListenerFactory.class
it/units/malelab/jgea/problem/mapper/MapperGeneration.class
it/units/malelab/jgea/core/listener/Listener$1.class
it/units/malelab/jgea/grammarbased/ge/HierarchicalMapper.class
it/units/malelab/jgea/problem/booleanfunction/BooleanUtils$1.class
it/units/malelab/jgea/problem/symbolicregression/element/Constant.class
it/units/malelab/jgea/core/Sized.class
it/units/malelab/jgea/core/function/Bounded.class
it/units/malelab/jgea/core/evolver/stopcondition/StopCondition.class
it/units/malelab/jgea/core/genotype/BitString.class
it/units/malelab/jgea/problem/classification/FileRegexClassification.class
it/units/malelab/jgea/core/function/Function.class
it/units/malelab/jgea/core/ranker/selector/Tournament.class
it/units/malelab/jgea/problem/symbolicregression/Polynomial4.class
it/units/malelab/jgea/problem/application/RobotPowerSupplyGeometry$FitnessFunction.class
it/units/malelab/jgea/core/function/ComposedFunction$1.class
it/units/malelab/jgea/Worker.class
it/units/malelab/jgea/FSDC.class
it/units/malelab/jgea/grammarbased/Grammar.class
it/units/malelab/jgea/core/evolver/FitnessSharingDivideAndConquerEvolver.class
it/units/malelab/jgea/problem/symbolicregression/Pagie1.class
it/units/malelab/jgea/problem/symbolicregression/element/Variable.class
it/units/malelab/jgea/problem/synthetic/OneMax$TunablePrecisionFitnessFunction.class
it/units/malelab/jgea/problem/mapper/element/NumericConstant.class
it/units/malelab/jgea/core/genotype/DoubleSequenceFactory.class
it/units/malelab/jgea/problem/booleanfunction/MultipleOutputParallelMultiplier.class
it/units/malelab/jgea/core/function/CachedNonDeterministicFunction.class
it/units/malelab/jgea/core/function/CachedBoundedNonDeterministicFunction.class
it/units/malelab/jgea/core/listener/event/FunctionEvent.class
it/units/malelab/jgea/core/fitness/BooleanFunctionFitness.class
it/units/malelab/jgea/core/listener/event/EvolutionEndEvent.class
it/units/malelab/jgea/core/evolver/stopcondition/Iterations.class
it/units/malelab/jgea/core/evolver/biased/BiasedGenerator.class
it/units/malelab/jgea/problem/symbolicregression/AbstractRegressionProblemProblemWithValidation.class
it/units/malelab/jgea/problem/symbolicregression/FormulaMapper.class
it/units/malelab/jgea/core/listener/event/InfoEvent.class
it/units/malelab/jgea/problem/classification/AbstractClassificationProblem.class
it/units/malelab/jgea/SurrogatePrecisionControl$ReducerController.class
it/units/malelab/jgea/core/ranker/selector/Selector.class
it/units/malelab/jgea/core/ranker/Ranker.class
it/units/malelab/jgea/core/fitness/BooleanFunctionFitness$1.class
it/units/malelab/jgea/core/fitness/CaseBasedFitness.class
it/units/malelab/jgea/problem/mapper/MapperUtils$1.class
it/units/malelab/jgea/core/evolver/biased/Filler.class
it/units/malelab/jgea/FileRegex.class
it/units/malelab/jgea/core/function/BiFunction.class
it/units/malelab/jgea/core/listener/collector/Suffix.class
it/units/malelab/jgea/core/function/Reducer.class
it/units/malelab/jgea/core/listener/event/EvolutionEvent.class
it/units/malelab/jgea/core/function/CachedFunction.class
it/units/malelab/jgea/problem/synthetic/LinearPoints$FitnessFunction.class
it/units/malelab/jgea/core/evolver/biased/PercentileProportional.class
it/units/malelab/jgea/distance/Hamming.class
it/units/malelab/jgea/problem/booleanfunction/FormulaMapper.class
it/units/malelab/jgea/problem/extraction/RegexExtraction.class
it/units/malelab/jgea/RepresentationEvolution.class
it/units/malelab/jgea/core/fitness/ClassificationFitness$Metric.class
it/units/malelab/jgea/core/function/ComposedFunction.class
