/home/pigozzif/jgea/src/main/java/it/units/malelab/jgea/problem/synthetic/LinearPoints.java
/home/pigozzif/jgea/src/main/java/it/units/malelab/jgea/core/genotype/BitString.java
/home/pigozzif/jgea/src/main/java/it/units/malelab/jgea/problem/mapper/element/Element.java
/home/pigozzif/jgea/src/main/java/it/units/malelab/jgea/core/util/WithNames.java
/home/pigozzif/jgea/src/main/java/it/units/malelab/jgea/distance/BitStringHamming.java
/home/pigozzif/jgea/src/main/java/it/units/malelab/jgea/problem/booleanfunction/MultipleOutputParallelMultiplier.java
/home/pigozzif/jgea/src/main/java/it/units/malelab/jgea/problem/TheoreticalDegeneracy.java
/home/pigozzif/jgea/src/main/java/it/units/malelab/jgea/core/operator/UniformCrossover.java
/home/pigozzif/jgea/src/main/java/it/units/malelab/jgea/core/listener/event/EvolutionEndEvent.java
/home/pigozzif/jgea/src/main/java/it/units/malelab/jgea/problem/application/RobotPowerSupplyGeometry.java
/home/pigozzif/jgea/src/main/java/it/units/malelab/jgea/core/evolver/Evolver.java
/home/pigozzif/jgea/src/main/java/it/units/malelab/jgea/problem/booleanfunction/EvenParity.java
/home/pigozzif/jgea/src/main/java/it/units/malelab/jgea/problem/synthetic/KLandscapes.java
/home/pigozzif/jgea/src/main/java/it/units/malelab/jgea/core/ProblemWithValidation.java
/home/pigozzif/jgea/src/main/java/it/units/malelab/jgea/core/ranker/FitnessComparator.java
/home/pigozzif/jgea/src/main/java/it/units/malelab/jgea/SurrogatePrecisionControl.java
/home/pigozzif/jgea/src/main/java/it/units/malelab/jgea/FSDC.java
/home/pigozzif/jgea/src/main/java/it/units/malelab/jgea/core/evolver/StandardEvolver.java
/home/pigozzif/jgea/src/main/java/it/units/malelab/jgea/core/ranker/Ranker.java
/home/pigozzif/jgea/src/main/java/it/units/malelab/jgea/problem/extraction/ExtractionSetDistance.java
/home/pigozzif/jgea/src/main/java/it/units/malelab/jgea/problem/booleanfunction/FormulaMapper.java
/home/pigozzif/jgea/src/main/java/it/units/malelab/jgea/problem/extraction/ExtractionFitness.java
/home/pigozzif/jgea/src/main/java/it/units/malelab/jgea/core/listener/collector/Population.java
/home/pigozzif/jgea/src/main/java/it/units/malelab/jgea/core/Factory.java
/home/pigozzif/jgea/src/main/java/it/units/malelab/jgea/core/genotype/FixedLengthSequence.java
/home/pigozzif/jgea/src/main/java/it/units/malelab/jgea/problem/surrogate/TunablePrecisionProblem.java
/home/pigozzif/jgea/src/main/java/it/units/malelab/jgea/problem/synthetic/Text.java
/home/pigozzif/jgea/src/main/java/it/units/malelab/jgea/RepresentationEvolution.java
/home/pigozzif/jgea/src/main/java/it/units/malelab/jgea/problem/synthetic/OneMax.java
/home/pigozzif/jgea/src/main/java/it/units/malelab/jgea/grammarbased/Grammar.java
/home/pigozzif/jgea/src/main/java/it/units/malelab/jgea/problem/extraction/GrammarBasedRegexExtraction.java
/home/pigozzif/jgea/src/main/java/it/units/malelab/jgea/core/operator/GeneticOperator.java
/home/pigozzif/jgea/src/main/java/it/units/malelab/jgea/core/function/Reducer.java
/home/pigozzif/jgea/src/main/java/it/units/malelab/jgea/core/listener/event/TimedEvent.java
/home/pigozzif/jgea/src/main/java/it/units/malelab/jgea/core/listener/event/InfoEvent.java
/home/pigozzif/jgea/src/main/java/it/units/malelab/jgea/core/function/CachedBiFunction.java
/home/pigozzif/jgea/src/main/java/it/units/malelab/jgea/core/listener/collector/DoubleArrayPrinter.java
/home/pigozzif/jgea/src/main/java/it/units/malelab/jgea/grammarbased/cfggp/StandardTreeMutation.java
/home/pigozzif/jgea/src/main/java/it/units/malelab/jgea/problem/booleanfunction/element/Variable.java
/home/pigozzif/jgea/src/main/java/it/units/malelab/jgea/RobotContactsDE.java
/home/pigozzif/jgea/src/main/java/it/units/malelab/jgea/core/util/Args.java
/home/pigozzif/jgea/src/main/java/it/units/malelab/jgea/grammarbased/cfggp/GrowTreeFactory.java
/home/pigozzif/jgea/src/main/java/it/units/malelab/jgea/grammarbased/RegexGrammar.java
/home/pigozzif/jgea/src/main/java/it/units/malelab/jgea/FileRegex.java
/home/pigozzif/jgea/src/main/java/it/units/malelab/jgea/problem/extraction/RegexExtraction.java
/home/pigozzif/jgea/src/main/java/it/units/malelab/jgea/core/evolver/MutationOnly.java
/home/pigozzif/jgea/src/main/java/it/units/malelab/jgea/core/evolver/stopcondition/PerfectFitness.java
/home/pigozzif/jgea/src/main/java/it/units/malelab/jgea/core/listener/event/EvolutionEvent.java
/home/pigozzif/jgea/src/main/java/it/units/malelab/jgea/core/listener/collector/IntrinsicDimension.java
/home/pigozzif/jgea/src/main/java/it/units/malelab/jgea/grammarbased/cfggp/FullTreeFactory.java
/home/pigozzif/jgea/src/main/java/it/units/malelab/jgea/core/genotype/BitStringFactory.java
/home/pigozzif/jgea/src/main/java/it/units/malelab/jgea/core/Problem.java
/home/pigozzif/jgea/src/main/java/it/units/malelab/jgea/problem/symbolicregression/AbstractSymbolicRegressionProblem.java
/home/pigozzif/jgea/src/main/java/it/units/malelab/jgea/problem/extraction/AbstractExtractionProblem.java
/home/pigozzif/jgea/src/main/java/it/units/malelab/jgea/core/evolver/biased/Percentile.java
/home/pigozzif/jgea/src/main/java/it/units/malelab/jgea/core/function/NonDeterministicFunction.java
/home/pigozzif/jgea/src/main/java/it/units/malelab/jgea/grammarbased/cfggp/RampedHalfAndHalf.java
/home/pigozzif/jgea/src/main/java/it/units/malelab/jgea/core/evolver/stopcondition/Births.java
/home/pigozzif/jgea/src/main/java/it/units/malelab/jgea/problem/classification/GrammarBasedRegexClassification.java
/home/pigozzif/jgea/src/main/java/it/units/malelab/jgea/core/ranker/selector/Worst.java
/home/pigozzif/jgea/src/main/java/it/units/malelab/jgea/core/listener/collector/FirstRankIndividualInfo.java
/home/pigozzif/jgea/src/main/java/it/units/malelab/jgea/grammarbased/GrammarBasedProblem.java
/home/pigozzif/jgea/src/main/java/it/units/malelab/jgea/problem/surrogate/ControlledPrecisionProblem.java
/home/pigozzif/jgea/src/main/java/it/units/malelab/jgea/core/Node.java
/home/pigozzif/jgea/src/main/java/it/units/malelab/jgea/problem/symbolicregression/Polynomial4.java
/home/pigozzif/jgea/src/main/java/it/units/malelab/jgea/problem/mapper/RecursiveMapper.java
/home/pigozzif/jgea/src/main/java/it/units/malelab/jgea/core/function/FunctionException.java
/home/pigozzif/jgea/src/main/java/it/units/malelab/jgea/grammarbased/GrammarUtil.java
/home/pigozzif/jgea/src/main/java/it/units/malelab/jgea/core/listener/collector/FunctionOfEvent.java
/home/pigozzif/jgea/src/main/java/it/units/malelab/jgea/core/listener/collector/IndividualBasicInfo.java
/home/pigozzif/jgea/src/main/java/it/units/malelab/jgea/core/Individual.java
/home/pigozzif/jgea/src/main/java/it/units/malelab/jgea/core/listener/MultiFileListenerFactory.java
/home/pigozzif/jgea/src/main/java/it/units/malelab/jgea/core/Sequence.java
/home/pigozzif/jgea/src/main/java/it/units/malelab/jgea/distance/StringSequence.java
/home/pigozzif/jgea/src/main/java/it/units/malelab/jgea/problem/mapper/element/Variable.java
/home/pigozzif/jgea/src/main/java/it/units/malelab/jgea/core/ranker/selector/Tournament.java
/home/pigozzif/jgea/src/main/java/it/units/malelab/jgea/core/listener/collector/Basic.java
/home/pigozzif/jgea/src/main/java/it/units/malelab/jgea/core/listener/collector/Item.java
/home/pigozzif/jgea/src/main/java/it/units/malelab/jgea/problem/symbolicregression/Pagie1.java
/home/pigozzif/jgea/src/main/java/it/units/malelab/jgea/problem/symbolicregression/Nguyen7.java
/home/pigozzif/jgea/src/main/java/it/units/malelab/jgea/core/ConstrainedSequence.java
/home/pigozzif/jgea/src/main/java/it/units/malelab/jgea/problem/mapper/EnhancedProblem.java
/home/pigozzif/jgea/src/main/java/it/units/malelab/jgea/core/listener/collector/ObjectiveMostCentral.java
/home/pigozzif/jgea/src/main/java/it/units/malelab/jgea/core/listener/collector/Diversity.java
/home/pigozzif/jgea/src/main/java/it/units/malelab/jgea/problem/classification/AbstractClassificationProblem.java
/home/pigozzif/jgea/src/main/java/it/units/malelab/jgea/core/evolver/StandardWithEnforcedDiversity.java
/home/pigozzif/jgea/src/main/java/it/units/malelab/jgea/core/listener/collector/BestPrinter.java
/home/pigozzif/jgea/src/main/java/it/units/malelab/jgea/core/function/CachedNonDeterministicFunction.java
/home/pigozzif/jgea/src/main/java/it/units/malelab/jgea/grammarbased/ge/HierarchicalMapper.java
/home/pigozzif/jgea/src/main/java/it/units/malelab/jgea/problem/symbolicregression/element/Constant.java
/home/pigozzif/jgea/src/main/java/it/units/malelab/jgea/problem/symbolicregression/FormulaMapper.java
/home/pigozzif/jgea/src/main/java/it/units/malelab/jgea/core/fitness/ClassificationFitness.java
/home/pigozzif/jgea/src/main/java/it/units/malelab/jgea/core/function/CachedBoundedFunction.java
/home/pigozzif/jgea/src/main/java/it/units/malelab/jgea/problem/symbolicregression/AbstractRegressionProblemProblemWithValidation.java
/home/pigozzif/jgea/src/main/java/it/units/malelab/jgea/problem/booleanfunction/element/Element.java
/home/pigozzif/jgea/src/main/java/it/units/malelab/jgea/core/fitness/SymbolicRegressionFitness.java
/home/pigozzif/jgea/src/main/java/it/units/malelab/jgea/core/ranker/ParetoRanker.java
/home/pigozzif/jgea/src/main/java/it/units/malelab/jgea/core/evolver/DeterministicCrowdingEvolver.java
/home/pigozzif/jgea/src/main/java/it/units/malelab/jgea/problem/booleanfunction/element/Operator.java
/home/pigozzif/jgea/src/main/java/it/units/malelab/jgea/distance/Pairwise.java
/home/pigozzif/jgea/src/main/java/it/units/malelab/jgea/core/listener/collector/DataCollector.java
/home/pigozzif/jgea/src/main/java/it/units/malelab/jgea/core/function/CachedReducer.java
/home/pigozzif/jgea/src/main/java/it/units/malelab/jgea/problem/classification/RegexClassification.java
/home/pigozzif/jgea/src/main/java/it/units/malelab/jgea/problem/symbolicregression/Vladislavleva4.java
/home/pigozzif/jgea/src/main/java/it/units/malelab/jgea/problem/symbolicregression/MathUtils.java
/home/pigozzif/jgea/src/main/java/it/units/malelab/jgea/distance/CachedDistance.java
/home/pigozzif/jgea/src/main/java/it/units/malelab/jgea/problem/classification/BinaryRegexClassification.java
/home/pigozzif/jgea/src/main/java/it/units/malelab/jgea/core/PrecisionController.java
/home/pigozzif/jgea/src/main/java/it/units/malelab/jgea/core/listener/collector/Static.java
/home/pigozzif/jgea/src/main/java/it/units/malelab/jgea/core/listener/PrintStreamListener.java
/home/pigozzif/jgea/src/main/java/it/units/malelab/jgea/core/listener/collector/FirstOfNthObjective.java
/home/pigozzif/jgea/src/main/java/it/units/malelab/jgea/core/fitness/Linearization.java
/home/pigozzif/jgea/src/main/java/it/units/malelab/jgea/problem/booleanfunction/BooleanUtils.java
/home/pigozzif/jgea/src/main/java/it/units/malelab/jgea/problem/symbolicregression/element/Operator.java
/home/pigozzif/jgea/src/main/java/it/units/malelab/jgea/core/listener/event/Capturer.java
/home/pigozzif/jgea/src/main/java/it/units/malelab/jgea/core/evolver/biased/Filler.java
/home/pigozzif/jgea/src/main/java/it/units/malelab/jgea/core/listener/collector/IndividualDataCollector.java
/home/pigozzif/jgea/src/main/java/it/units/malelab/jgea/core/evolver/biased/BiasedGenerator.java
/home/pigozzif/jgea/src/main/java/it/units/malelab/jgea/core/evolver/stopcondition/RelativeElapsedTime.java
/home/pigozzif/jgea/src/main/java/it/units/malelab/jgea/core/evolver/stopcondition/StopCondition.java
/home/pigozzif/jgea/src/main/java/it/units/malelab/jgea/core/util/Misc.java
/home/pigozzif/jgea/src/main/java/it/units/malelab/jgea/core/listener/Listener.java
/home/pigozzif/jgea/src/main/java/it/units/malelab/jgea/problem/symbolicregression/Keijzer6.java
/home/pigozzif/jgea/src/main/java/it/units/malelab/jgea/core/operator/SegmentCrossover.java
/home/pigozzif/jgea/src/main/java/it/units/malelab/jgea/problem/mapper/element/Function.java
/home/pigozzif/jgea/src/main/java/it/units/malelab/jgea/core/util/Triplet.java
/home/pigozzif/jgea/src/main/java/it/units/malelab/jgea/core/function/CachedBoundedNonDeterministicFunction.java
/home/pigozzif/jgea/src/main/java/it/units/malelab/jgea/Example.java
/home/pigozzif/jgea/src/main/java/it/units/malelab/jgea/core/function/ComposedFunction.java
/home/pigozzif/jgea/src/main/java/it/units/malelab/jgea/problem/extraction/BinaryRegexExtraction.java
/home/pigozzif/jgea/src/main/java/it/units/malelab/jgea/distance/Edit.java
/home/pigozzif/jgea/src/main/java/it/units/malelab/jgea/problem/symbolicregression/element/Decoration.java
/home/pigozzif/jgea/src/main/java/it/units/malelab/jgea/grammarbased/ge/WeightedHierarchicalMapper.java
/home/pigozzif/jgea/src/main/java/it/units/malelab/jgea/core/listener/event/FunctionEvent.java
/home/pigozzif/jgea/src/main/java/it/units/malelab/jgea/grammarbased/GrammarBasedMapper.java
/home/pigozzif/jgea/src/main/java/it/units/malelab/jgea/distance/TreeLeaves.java
/home/pigozzif/jgea/src/main/java/it/units/malelab/jgea/core/operator/Crossover.java
/home/pigozzif/jgea/src/main/java/it/units/malelab/jgea/Worker.java
/home/pigozzif/jgea/src/main/java/it/units/malelab/jgea/core/Sized.java
/home/pigozzif/jgea/src/main/java/it/units/malelab/jgea/distance/Distance.java
/home/pigozzif/jgea/src/main/java/it/units/malelab/jgea/problem/synthetic/TreeSize.java
/home/pigozzif/jgea/src/main/java/it/units/malelab/jgea/problem/classification/DataUtils.java
/home/pigozzif/jgea/src/main/java/it/units/malelab/jgea/problem/symbolicregression/element/Variable.java
/home/pigozzif/jgea/src/main/java/it/units/malelab/jgea/core/ranker/LexicoGraphicalMOComparator.java
/home/pigozzif/jgea/src/main/java/it/units/malelab/jgea/core/evolver/DifferentialEvolution.java
/home/pigozzif/jgea/src/main/java/it/units/malelab/jgea/core/fitness/CaseBasedFitness.java
/home/pigozzif/jgea/src/main/java/it/units/malelab/jgea/core/function/BiFunction.java
/home/pigozzif/jgea/src/main/java/it/units/malelab/jgea/grammarbased/cfggp/StandardTreeCrossover.java
/home/pigozzif/jgea/src/main/java/it/units/malelab/jgea/core/listener/event/Event.java
/home/pigozzif/jgea/src/main/java/it/units/malelab/jgea/core/operator/Mutation.java
/home/pigozzif/jgea/src/main/java/it/units/malelab/jgea/core/operator/LenghtPreservingTwoPointCrossover.java
/home/pigozzif/jgea/src/main/java/it/units/malelab/jgea/core/IndependentFactory.java
/home/pigozzif/jgea/src/main/java/it/units/malelab/jgea/core/listener/collector/BestInfo.java
/home/pigozzif/jgea/src/main/java/it/units/malelab/jgea/core/evolver/biased/PercentileProportional.java
/home/pigozzif/jgea/src/main/java/it/units/malelab/jgea/core/operator/GaussianMutation.java
/home/pigozzif/jgea/src/main/java/it/units/malelab/jgea/core/evolver/FitnessSharingDivideAndConquerEvolver.java
/home/pigozzif/jgea/src/main/java/it/units/malelab/jgea/core/ranker/selector/Selector.java
/home/pigozzif/jgea/src/main/java/it/units/malelab/jgea/core/function/CachedFunction.java
/home/pigozzif/jgea/src/main/java/it/units/malelab/jgea/core/operator/BitFlipMutation.java
/home/pigozzif/jgea/src/main/java/it/units/malelab/jgea/core/listener/collector/LowestNormalizedSum.java
/home/pigozzif/jgea/src/main/java/it/units/malelab/jgea/core/function/Function.java
/home/pigozzif/jgea/src/main/java/it/units/malelab/jgea/distance/Hamming.java
/home/pigozzif/jgea/src/main/java/it/units/malelab/jgea/problem/symbolicregression/element/Element.java
/home/pigozzif/jgea/src/main/java/it/units/malelab/jgea/core/listener/collector/FunctionOfBest.java
/home/pigozzif/jgea/src/main/java/it/units/malelab/jgea/core/ranker/ComparableRanker.java
/home/pigozzif/jgea/src/main/java/it/units/malelab/jgea/core/function/Bounded.java
/home/pigozzif/jgea/src/main/java/it/units/malelab/jgea/core/evolver/stopcondition/ElapsedTime.java
/home/pigozzif/jgea/src/main/java/it/units/malelab/jgea/IntrinsicDimensionAssessment.java
/home/pigozzif/jgea/src/main/java/it/units/malelab/jgea/core/fitness/BooleanFunctionFitness.java
/home/pigozzif/jgea/src/main/java/it/units/malelab/jgea/core/genotype/DoubleSequenceFactory.java
/home/pigozzif/jgea/src/main/java/it/units/malelab/jgea/problem/booleanfunction/element/Constant.java
/home/pigozzif/jgea/src/main/java/it/units/malelab/jgea/core/evolver/stopcondition/FitnessEvaluations.java
/home/pigozzif/jgea/src/main/java/it/units/malelab/jgea/problem/classification/FileRegexClassification.java
/home/pigozzif/jgea/src/main/java/it/units/malelab/jgea/core/evolver/biased/Uniform.java
/home/pigozzif/jgea/src/main/java/it/units/malelab/jgea/problem/mapper/MapperGeneration.java
/home/pigozzif/jgea/src/main/java/it/units/malelab/jgea/core/evolver/stopcondition/Iterations.java
/home/pigozzif/jgea/src/main/java/it/units/malelab/jgea/problem/mapper/MapperUtils.java
/home/pigozzif/jgea/src/main/java/it/units/malelab/jgea/problem/mapper/FitnessFunction.java
/home/pigozzif/jgea/src/main/java/it/units/malelab/jgea/problem/booleanfunction/element/Decoration.java
/home/pigozzif/jgea/src/main/java/it/units/malelab/jgea/core/util/Pair.java
/home/pigozzif/jgea/src/main/java/it/units/malelab/jgea/core/function/NonDeterministicBiFunction.java
/home/pigozzif/jgea/src/main/java/it/units/malelab/jgea/grammarbased/ge/StandardGEMapper.java
/home/pigozzif/jgea/src/main/java/it/units/malelab/jgea/problem/mapper/element/NumericConstant.java
/home/pigozzif/jgea/src/main/java/it/units/malelab/jgea/core/listener/collector/Suffix.java
